Fetching groupsâ€¦
[
  {
    "id": 1,
    "name": "Foobar Group",
    "path": "foo-bar",
    "description": "An interesting group",
    "visibility": "public",
    "lfs_enabled": true,
    "request_access_enabled": false,
    "parent_id": 0,
    "shared_runners_minutes_limit": 0,
    "avatar_url": "http://localhost:3000/uploads/group/avatar/1/foo.jpg",
    "web_url": "http://localhost:3000/foo-bar",
    "full_name": "Foobar Group",
    "full_path": "foo-bar"
  },
  {
    "id": 2,
    "name": "Another Group",
    "path": "another",
    "description": "A not so interesting group",
    "visibility": "public",
    "lfs_enabled": true,
    "request_access_enabled": false,
    "parent_id": 1,
    "shared_runners_minutes_limit": 0,
    "avatar_url": "http://localhost:3000/uploads/group/avatar/1/bar.jpg",
    "web_url": "http://localhost:3000/foo-bar/another",
    "full_name": "Another Group",
    "full_path": "foo-bar/another"
  }
]
Response meta

  Method          GET
  Url             http://wiremock:8080/api/v4/groups?page=1&per_page=10
  StatusCode      200
  Request id      
  Runtime         0.000000
  Page            1
  Items per page  10
  Previous page   0
  Next page       0
  Total pages     0
  Total           0

