Fetching namespacesâ€¦

| ID | NAME |  PATH   | KIND  | FULL PATH |
+----+------+---------+-------+-----------+
|  4 |      | twitter | group | twitter   |


Response meta

  Method          GET
  Url             http://wiremock:8080/api/v4/namespaces?page=1&per_page=10&search=twitter
  StatusCode      200
  Request id      
  Runtime         0.000000
  Page            1
  Items per page  10
  Previous page   0
  Next page       0
  Total pages     0
  Total           0

