Fetching namespacesâ€¦
[
  {
    "id": 1,
    "path": "user1",
    "kind": "user"
  },
  {
    "id": 2,
    "path": "group1",
    "kind": "group"
  },
  {
    "id": 3,
    "path": "bar",
    "kind": "group",
    "full_path": "foo/bar"
  }
]
Response meta

  Method          GET
  Url             http://wiremock:8080/api/v4/namespaces?page=1&per_page=10
  StatusCode      200
  Request id      
  Runtime         0.000000
  Page            1
  Items per page  10
  Previous page   0
  Next page       0
  Total pages     0
  Total           0

