Fetching project environments (project id: 1)â€¦

| ID |  NAME   |  SLUG   |        EXTERNAL URL        |
+----+---------+---------+----------------------------+
|  1 | dev     | dev     | http://dev-api.fake.io     |
|  2 | staging | staging | http://staging-api.fake.io |
|  3 | prod    | prod    | http://prod-api.fake.io    |
|  4 | preprod | preprod |                            |
|  5 | prod    | prod    | http://api.fake.io         |


Response meta

  Method          GET
  Url             http://wiremock:8080/api/v4/projects/1/environments?page=1&per_page=10
  StatusCode      200
  Request id      
  Runtime         0.000000
  Page            1
  Items per page  10
  Previous page   0
  Next page       0
  Total pages     0
  Total           0

