Fetching project environments (project id: 1)â€¦
- id: 1
  name: dev
  external_url: http://dev-api.fake.io
  slug: dev
- id: 2
  name: staging
  external_url: http://staging-api.fake.io
  slug: staging
- id: 3
  name: prod
  external_url: http://prod-api.fake.io
  slug: prod
- id: 4
  name: preprod
  slug: preprod
- id: 5
  name: prod
  external_url: http://api.fake.io
  slug: prod

Response meta

  Method          GET
  Url             http://wiremock:8080/api/v4/projects/1/environments?page=1&per_page=10
  StatusCode      200
  Request id      
  Runtime         0.000000
  Page            1
  Items per page  10
  Previous page   0
  Next page       0
  Total pages     0
  Total           0

