Fetching runnersâ€¦

| ID | NAME | ACTIVE | ONLINE | STATUS | IP | SHARED |
+----+------+--------+--------+--------+----+--------+
|  6 |      | true   | false  |        |    | false  |
|  8 |      | true   | false  |        |    | false  |


Response meta

  Method          GET
  Url             http://wiremock:8080/api/v4/runners?page=1&per_page=10
  StatusCode      200
  Request id      
  Runtime         0.000000
  Page            1
  Items per page  10
  Previous page   0
  Next page       0
  Total pages     0
  Total           0

