Fetching user 1 ssh keys…

| ID |       TITLE        |        KEY        |        CREATED AT        |
+----+--------------------+-------------------+--------------------------+
|  1 | Public key         | ssh-rsa AAAAB3Nz… | 2014-08-01T14:47:39.080Z |
|  2 | Whatever key       | ssh-rsa AAAAB3Nz… | 2014-08-01T14:47:39.080Z |
|  3 | Another Public key | ssh-rsa AAAAB3Nz… | 2014-08-01T14:47:39.080Z |


Response meta

  Method          GET
  Url             http://wiremock:8080/api/v4/user/keys?page=1&per_page=10
  StatusCode      200
  Request id      
  Runtime         0.000000
  Page            1
  Items per page  10
  Previous page   0
  Next page       0
  Total pages     0
  Total           0

